1..32
ok 1 resolve_agent_path finds valid core agent
ok 2 resolve_agent_path finds valid fleet agent
ok 3 resolve_agent_path returns error for invalid agent
ok 4 resolve_agent_path handles empty input
ok 5 list_agents shows all available agents
ok 6 list_agents excludes partial files
ok 7 list_agents handles empty prompts directory
ok 8 _lifecycle_init creates lifecycle directory
ok 9 agent_lifecycle_transition records state
ok 10 agent_lifecycle_transition creates transition log
ok 11 agent_get_state returns current state
ok 12 agent_get_state returns idle for missing state
ok 13 list_active_agents shows agents with active state
ok 14 count_active_agents returns correct count
ok 15 count_active_agents returns 0 when no active agents
ok 16 cleanup_stale_agents handles no stale agents
ok 17 register_agent_plugin creates plugin from manifest file
ok 18 register_agent_plugin rejects missing manifest
ok 19 register_agent_plugin rejects manifest with missing agent_id
ok 20 unregister_agent_plugin removes plugin files
ok 21 list_plugins shows registered plugins
ok 22 list_plugins handles no plugins
ok 23 agent_probe_liveness returns live for valid agent
ok 24 agent_probe_liveness returns dead for non-existent agent
ok 25 agent_health_report lists agents
ok 26 agents functions handle set -u mode
ok 27 agents functions handle pipefail mode
ok 28 agents functions handle concurrent access
ok 29 agents functions handle large state files
ok 30 agent operations are idempotent
ok 31 agent lifecycle maintains consistency
ok 32 coverage manifest references non-exercised agents helpers
