1..44
ok 1 usage function outputs help text
ok 2 usage function shows available commands
ok 3 usage function exits with code 2
ok 4 _supports_unicode returns a status code
ok 5 _setup_icons initializes icon variables
ok 6 _setup_colors initializes color variables
ok 7 _print helpers execute without errors
ok 8 _print_agent_grid executes without errors
ok 9 usage_agents prints agent catalog
ok 10 usage_search prints usage for empty query
ok 11 usage_search returns results for known keyword
ok 12 parse_args requires at least 2 arguments
ok 13 parse_args sets AGENT variable
ok 14 parse_args sets TASK variable
ok 15 parse_args sets PROVIDER variable
ok 16 parse_args accepts valid providers
ok 17 parse_args rejects unknown provider
ok 18 parse_args rejects unknown agent
ok 19 parse_args validates agent name security
ok 20 parse_args validates task input
ok 21 parse_args auto-selects provider when not specified
ok 22 setup_session populates runtime paths
ok 23 capture_output creates output file
ok 24 capture_output includes agent name
ok 25 capture_output includes provider name
ok 26 capture_output includes project name
ok 27 capture_output includes task description
ok 28 capture_output includes output content
ok 29 show_context returns 0 for non-interactive
ok 30 show_context handles non-git directory
ok 31 git_guard returns 0 for non-interactive
ok 32 git_guard returns 0 when EUXIS_DISPATCH is true
ok 33 git_guard handles non-git directory
ok 34 check_health_fast returns 0 when skipped
ok 35 check_health_fast returns 0 in dispatch mode
ok 36 check_health_fast caches hash
ok 37 check_health_fast uses cached hash on second call
ok 38 cli functions handle set -u mode
ok 39 cli functions handle pipefail mode
ok 40 parse_args handles empty provider gracefully
ok 41 capture_output handles special characters in content
ok 42 capture_output handles multiline content
ok 43 cli functions are idempotent
ok 44 parse_args and capture_output work together
