1..31
ok 1 log_info outputs to stderr with correct format
ok 2 log_info handles empty message
ok 3 log_info handles special characters and spaces
ok 4 log_error outputs to stderr with ERROR prefix
ok 5 log_warn outputs to stderr with WARN prefix
ok 6 log_debug outputs only when EUXIS_DEBUG=1
ok 7 log_debug handles EUXIS_DEBUG=0 explicitly
ok 8 _perf_enabled returns true when performance not disabled
ok 9 _perf_enabled returns false when EUXIS_PERF_DISABLE=1
ok 10 _euxis_now_ns returns 0 when performance disabled
ok 11 _euxis_now_ns returns numeric timestamp when enabled
ok 12 _perf_start returns numeric timestamp
ok 13 _perf_start returns 0 when disabled
ok 14 _perf_elapsed_ms calculates elapsed time
ok 15 _perf_elapsed_ms returns 0 when performance disabled
ok 16 performance_budget sets and gets budget values
ok 17 performance_budget returns default for unknown operation
ok 18 _perf_check_budget returns 0 when within budget
ok 19 _perf_check_budget returns 1 when over budget
ok 20 _perf_record writes JSONL metric to file
ok 21 _perf_record skips when disabled
ok 22 start_spinner creates background process
ok 23 stop_spinner terminates background process
ok 24 functions handle unbound variables with set -u
ok 25 functions handle pipefail properly
ok 26 log functions handle Unicode characters
ok 27 performance functions handle extreme values
ok 28 functions are idempotent
ok 29 functions handle signal interruption gracefully
ok 30 functions work with different EUXIS_HOME paths
ok 31 coverage manifest references non-exercised common helpers
