1..23
ok 1 delegate requires at least 2 arguments
ok 2 delegate requires non-empty agent name
ok 3 delegate requires non-empty task
ok 4 delegate accepts valid arguments
ok 5 delegate auto-selects provider based on agent
ok 6 _exec_python uses venv python when available
ok 7 _exec_python warns when venv not found
ok 8 dispatch_command handles empty command
ok 9 dispatch_command recognizes delegate command
ok 10 dispatch_command handles slash commands
ok 11 dispatch_command routes to correct handlers
ok 12 dispatch_command routes quality commands
ok 13 dispatch_command routes maintenance commands
ok 14 dispatch_command routes interface commands
ok 15 dispatch functions handle set -u mode
ok 16 dispatch functions handle pipefail mode
ok 17 delegate sanitizes task input
ok 18 dispatch_command handles unknown command as agent mode
ok 19 dispatch module loads without errors
ok 20 dispatch integrates with other modules
ok 21 delegate validates input before delegating
ok 22 dispatch_command case statement covers all branches
ok 23 dispatch handler setup is idempotent
