1..46
ok 1 _validate_memory_path accepts valid path
ok 2 _validate_memory_path rejects path traversal
ok 3 _validate_memory_path rejects paths outside EUXIS_HOME
ok 4 get_hot_memory returns recent entries
ok 5 get_hot_memory returns empty for missing file
ok 6 get_hot_memory returns last 20 lines
ok 7 _extract_keywords extracts words >= 5 chars
ok 8 _extract_keywords deduplicates words
ok 9 _extract_keywords returns max 10 keywords
ok 10 _extract_keywords handles empty input
ok 11 _extract_keywords handles short words only
ok 12 get_relevant_memory finds keyword matches
ok 13 get_relevant_memory returns empty for no matches
ok 14 get_relevant_memory handles missing file
ok 15 get_relevant_memory handles empty task
ok 16 get_cross_agent_memory finds sibling agent context
ok 17 get_cross_agent_memory excludes current agent
ok 18 get_cross_agent_memory handles missing project dir
ok 19 get_cross_agent_memory handles empty task
ok 20 build_tiered_memory includes all three tiers
ok 21 build_tiered_memory handles missing memory file
ok 22 prune_memory skips small files
ok 23 prune_memory reduces large files
ok 24 prune_memory preserves REFLECTION entries
ok 25 prune_memory preserves CONTRAINDICATION entries
ok 26 prune_memory handles missing file
ok 27 prune_memory rejects path traversal
ok 28 prune_project_memory handles missing directory
ok 29 prune_project_memory processes all agent memory files
ok 30 detect_semantic_drift returns empty for no contradictions
ok 31 detect_semantic_drift detects negation contradiction
ok 32 detect_semantic_drift handles missing file
ok 33 detect_semantic_drift handles empty new fact
ok 34 resolve_memory_contradiction supersedes old entries
ok 35 resolve_memory_contradiction keeps both entries
ok 36 resolve_memory_contradiction rejects new entry
ok 37 resolve_memory_contradiction rejects path traversal
ok 38 auto_evolve_graph handles missing graph command
ok 39 auto_evolve_graph handles missing memory file
ok 40 auto_evolve_graph handles empty memory
ok 41 memory functions handle set -u mode
ok 42 memory functions handle pipefail mode
ok 43 memory functions handle Unicode content
ok 44 memory module loads without errors
ok 45 tiered memory retrieval is consistent
ok 46 prune_memory is idempotent on repeated runs
