1..41
ok 1 _registry_pool_init creates pool directory
ok 2 _registry_pool_init cleans stale connections
ok 3 _registry_get_connection returns connection id
ok 4 _registry_release_connection releases lock
ok 5 _registry_release_connection handles -1
ok 6 registry_query executes SQL
ok 7 registry_query handles parameters
ok 8 registry_query fails on missing database
ok 9 list_agents_sql returns all agents
ok 10 resolve_agent_path_sql returns path
ok 11 resolve_agent_path_sql fails for unknown agent
ok 12 resolve_agent_path_sql requires agent name
ok 13 get_agent_tier_sql returns tier
ok 14 get_agent_activation_sql returns activation
ok 15 find_agents_by_tag_sql finds agents
ok 16 find_agents_by_tier_sql finds agents
ok 17 find_agents_by_capability_sql finds agents
ok 18 find_agents_by_activation_sql returns all with 'all'
ok 19 find_agents_by_criteria_sql filters by tier
ok 20 registry_stats_sql shows statistics
ok 21 registry_health_sql checks database
ok 22 registry_health_sql fails for missing database
ok 23 list_agents_hybrid falls back to filesystem
ok 24 resolve_agent_path_hybrid returns SQL-backed path when available
ok 25 registry_get_version returns version
ok 26 registry_get_version falls back to JSON
ok 27 registry_agent_exists returns true for existing agent
ok 28 registry_agent_exists returns false for unknown agent
ok 29 registry_list_agent_ids lists all agents
ok 30 registry functions handle set -u mode
ok 31 registry functions handle pipefail mode
ok 32 connection pool handles concurrent access
ok 33 registry_query handles SQL errors gracefully
ok 34 registry_rebuild succeeds as no-op when migration script is missing
ok 35 _registry_auto_rebuild succeeds when db is present
ok 36 _registry_auto_rebuild succeeds when db is missing and migration script absent
ok 37 registry_sql module loads without errors
ok 38 REGISTRY_DB path is correct
ok 39 REGISTRY_POOL_SIZE default is 3
ok 40 multiple queries are consistent
ok 41 registry query results are idempotent across repeated calls
