1..37
ok 1 template_substitute replaces AUDIT_FILE_PATH
ok 2 template_substitute replaces MEMORY_FILE_PATH
ok 3 template_substitute replaces SESSION_ID
ok 4 template_substitute replaces MODEL_NAME
ok 5 template_substitute replaces EUXIS_HOME
ok 6 template_substitute replaces PROMPTS_DIR
ok 7 template_substitute replaces PROJECTS_DIR
ok 8 template_substitute handles multiple variables
ok 9 template_substitute handles repeated variables
ok 10 template_substitute handles empty values
ok 11 template_substitute handles no variables
ok 12 template_substitute preserves non-matching braces
ok 13 template_substitute handles multiline text
ok 14 template_substitute handles special characters in values
ok 15 template_substitute handles paths with dashes and underscores
ok 16 template_substitute handles empty text
ok 17 template_substitute handles very long text
ok 18 estimate_tokens returns 0 for empty string
ok 19 estimate_tokens estimates 1 token per 4 chars
ok 20 estimate_tokens handles 8 characters
ok 21 estimate_tokens handles 16 characters
ok 22 estimate_tokens truncates (floor division)
ok 23 estimate_tokens handles large text
ok 24 estimate_tokens handles special characters
ok 25 estimate_tokens handles Unicode
ok 26 estimate_tokens handles newlines
ok 27 template functions handle set -u mode
ok 28 template functions handle pipefail mode
ok 29 template_substitute handles dollar signs in values
ok 30 template_substitute handles backslashes in values
ok 31 template_substitute handles curly braces in text
ok 32 template module loads without errors
ok 33 template_substitute is idempotent
ok 34 estimate_tokens is deterministic
ok 35 template functions work together
ok 36 EUXIS_HOME is correctly set in template
ok 37 all standard variables are replaced
