1..47
ok 1 validation_error appends to errors array and outputs to stderr
ok 2 validation_warning appends to warnings array and outputs to stderr
ok 3 validation_pass outputs success message with checkmark
ok 4 validate_agent_name accepts valid agent name
ok 5 validate_agent_name accepts hyphenated name
ok 6 validate_agent_name accepts underscored name (non-prefix)
ok 7 validate_agent_name rejects empty agent name
ok 8 validate_agent_name rejects path traversal
ok 9 validate_agent_name rejects absolute path
ok 10 validate_agent_name rejects directory separators
ok 11 validate_agent_name rejects partial files (underscore prefix)
ok 12 validate_agent_name rejects special characters
ok 13 validate_agent_name uses custom context
ok 14 validate_task_input accepts non-empty task
ok 15 validate_task_input rejects empty task
ok 16 validate_task_input accepts whitespace-only task
ok 17 validate_task_input handles tasks with special characters
ok 18 validate_task_input handles Unicode in task
ok 19 validate_task_input enforces maximum length
ok 20 sanitize_task_input strips control characters
ok 21 sanitize_task_input escapes backticks
ok 22 validate_file_executable accepts executable file
ok 23 validate_file_executable rejects non-executable file
ok 24 validate_file_executable rejects non-existent file
ok 25 validate_file_executable rejects directory
ok 26 validate_file_executable handles files with spaces
ok 27 validate_file_executable handles symlinks
ok 28 validate_file_executable handles broken symlinks
ok 29 validate_file_executable uses custom description
ok 30 validate_system_dependencies always returns success
ok 31 validate_euxis_structure accepts valid structure
ok 32 validate_euxis_structure fails on missing bin directory
ok 33 validate_euxis_structure fails on missing prompts directory
ok 34 validate_euxis_structure fails on missing data directory
ok 35 validate_euxis_structure fails on missing registry
ok 36 validate_euxis_structure fails on invalid JSON registry
ok 37 validate_minimal passes with valid structure
ok 38 validate_minimal fails with missing structure
ok 39 validate_full passes with valid structure
ok 40 validate_comprehensive is alias for validate_full
ok 41 validation handles set -u mode
ok 42 validation handles pipefail mode
ok 43 validation functions handle Unicode file paths
ok 44 validation handles very long file paths # skip Path too long for filesystem
ok 45 validation functions are idempotent
ok 46 validation handles concurrent execution
ok 47 validation handles signal interruption # skip Signal handling test requires complex setup
